2011/05/19 12:04:20 [error] [php] Missing argument 1 for HelloWorld::sayHello() (D:\xampp\htdocs\zendamf\flex\services\HelloWorld.php:6)
Stack trace:
#0 D:\xampp\php\PEAR\Zend\Server\Reflection\Function\Abstract.php(380): call_user_func_array()
#1 D:\xampp\php\PEAR\Zend\Amf\Server.php(359): Zend_Server_Reflection_Method->__call()
#2 D:\xampp\php\PEAR\Zend\Amf\Server.php(359): Zend_Server_Reflection_Method->invokeArgs()
#3 D:\xampp\php\PEAR\Zend\Amf\Server.php(554): Zend_Amf_Server->_dispatch()
#4 D:\xampp\php\PEAR\Zend\Amf\Server.php(630): Zend_Amf_Server->_handle()
#5 D:\xampp\htdocs\zendamf\flex\gateway.php(69): Zend_Amf_Server->handle()
REQUEST_URI=/zendamf/flex/gateway.php
in D:\xampp\htdocs\zendamf\flex\services\HelloWorld.php (6)
in D:\xampp\php\PEAR\Zend\Server\Reflection\Function\Abstract.php (380)
in D:\xampp\php\PEAR\Zend\Amf\Server.php (359)
2011/05/19 12:08:02 [error] [php] Missing argument 1 for HelloWorld::sayHello() (D:\xampp\htdocs\zendamf\flex\services\HelloWorld.php:6)
Stack trace:
#0 D:\xampp\php\PEAR\Zend\Server\Reflection\Function\Abstract.php(380): call_user_func_array()
#1 D:\xampp\php\PEAR\Zend\Amf\Server.php(359): Zend_Server_Reflection_Method->__call()
#2 D:\xampp\php\PEAR\Zend\Amf\Server.php(359): Zend_Server_Reflection_Method->invokeArgs()
#3 D:\xampp\php\PEAR\Zend\Amf\Server.php(554): Zend_Amf_Server->_dispatch()
#4 D:\xampp\php\PEAR\Zend\Amf\Server.php(630): Zend_Amf_Server->_handle()
#5 D:\xampp\htdocs\zendamf\flex\gateway.php(69): Zend_Amf_Server->handle()
REQUEST_URI=/zendamf/flex/gateway.php
in D:\xampp\htdocs\zendamf\flex\services\HelloWorld.php (6)
in D:\xampp\php\PEAR\Zend\Server\Reflection\Function\Abstract.php (380)
in D:\xampp\php\PEAR\Zend\Amf\Server.php (359)
2011/05/19 12:08:42 [error] [php] Missing argument 1 for HelloWorld::sayHello() (D:\xampp\htdocs\zendamf\flex\services\HelloWorld.php:6)
Stack trace:
#0 D:\xampp\php\PEAR\Zend\Server\Reflection\Function\Abstract.php(380): call_user_func_array()
#1 D:\xampp\php\PEAR\Zend\Amf\Server.php(359): Zend_Server_Reflection_Method->__call()
#2 D:\xampp\php\PEAR\Zend\Amf\Server.php(359): Zend_Server_Reflection_Method->invokeArgs()
#3 D:\xampp\php\PEAR\Zend\Amf\Server.php(554): Zend_Amf_Server->_dispatch()
#4 D:\xampp\php\PEAR\Zend\Amf\Server.php(630): Zend_Amf_Server->_handle()
#5 D:\xampp\htdocs\zendamf\flex\gateway.php(69): Zend_Amf_Server->handle()
REQUEST_URI=/zendamf/flex/gateway.php
in D:\xampp\htdocs\zendamf\flex\services\HelloWorld.php (6)
in D:\xampp\php\PEAR\Zend\Server\Reflection\Function\Abstract.php (380)
in D:\xampp\php\PEAR\Zend\Amf\Server.php (359)
2011/05/19 12:39:43 [error] [php] Missing argument 1 for HelloWorld::sayHello() (D:\xampp\htdocs\zendamf\flex\services\HelloWorld.php:6)
Stack trace:
#0 D:\xampp\php\PEAR\Zend\Server\Reflection\Function\Abstract.php(380): call_user_func_array()
#1 D:\xampp\php\PEAR\Zend\Amf\Server.php(359): Zend_Server_Reflection_Method->__call()
#2 D:\xampp\php\PEAR\Zend\Amf\Server.php(359): Zend_Server_Reflection_Method->invokeArgs()
#3 D:\xampp\php\PEAR\Zend\Amf\Server.php(554): Zend_Amf_Server->_dispatch()
#4 D:\xampp\php\PEAR\Zend\Amf\Server.php(630): Zend_Amf_Server->_handle()
#5 D:\xampp\htdocs\zendamf\flex\gateway.php(69): Zend_Amf_Server->handle()
REQUEST_URI=/zendamf/flex/gateway.php
in D:\xampp\htdocs\zendamf\flex\services\HelloWorld.php (6)
in D:\xampp\php\PEAR\Zend\Server\Reflection\Function\Abstract.php (380)
in D:\xampp\php\PEAR\Zend\Amf\Server.php (359)
2011/06/09 13:54:47 [error] [php] Missing argument 1 for HelloWorld::sayHello() (D:\xampp\htdocs\test\services\HelloWorld.php:6)
Stack trace:
#0 D:\xampp\htdocs\ZendFramework\library\Zend\Server\Reflection\Function\Abstract.php(380): call_user_func_array()
#1 D:\xampp\htdocs\ZendFramework\library\Zend\Amf\Server.php(359): Zend_Server_Reflection_Method->__call()
#2 D:\xampp\htdocs\ZendFramework\library\Zend\Amf\Server.php(359): Zend_Server_Reflection_Method->invokeArgs()
#3 D:\xampp\htdocs\ZendFramework\library\Zend\Amf\Server.php(554): Zend_Amf_Server->_dispatch()
#4 D:\xampp\htdocs\ZendFramework\library\Zend\Amf\Server.php(630): Zend_Amf_Server->_handle()
#5 D:\xampp\htdocs\test\public\gateway.php(68): Zend_Amf_Server->handle()
REQUEST_URI=/test/public/gateway.php
in D:\xampp\htdocs\test\services\HelloWorld.php (6)
in D:\xampp\htdocs\ZendFramework\library\Zend\Server\Reflection\Function\Abstract.php (380)
in D:\xampp\htdocs\ZendFramework\library\Zend\Amf\Server.php (359)
2011/06/09 16:56:17 [error] [php] Undefined index: codevalue (D:\xampp\htdocs\test\services\HelloWorld.php:11)
Stack trace:
#0 D:\xampp\htdocs\ZendFramework\library\Zend\Server\Reflection\Function\Abstract.php(380): call_user_func_array()
#1 D:\xampp\htdocs\ZendFramework\library\Zend\Amf\Server.php(359): Zend_Server_Reflection_Method->__call()
#2 D:\xampp\htdocs\ZendFramework\library\Zend\Amf\Server.php(359): Zend_Server_Reflection_Method->invokeArgs()
#3 D:\xampp\htdocs\ZendFramework\library\Zend\Amf\Server.php(554): Zend_Amf_Server->_dispatch()
#4 D:\xampp\htdocs\ZendFramework\library\Zend\Amf\Server.php(630): Zend_Amf_Server->_handle()
#5 D:\xampp\htdocs\test\public\gateway.php(68): Zend_Amf_Server->handle()
REQUEST_URI=/test/public/gateway.php
in D:\xampp\htdocs\test\services\HelloWorld.php (11)
in D:\xampp\htdocs\ZendFramework\library\Zend\Server\Reflection\Function\Abstract.php (380)
in D:\xampp\htdocs\ZendFramework\library\Zend\Amf\Server.php (359)
2011/06/09 16:56:48 [error] [php] array_merge() [<a href='function.array-merge'>function.array-merge</a>]: Argument #2 is not an array (D:\xampp\htdocs\test\library\yii\framework\db\CDbCommand.php:451)
Stack trace:
#0 D:\xampp\htdocs\test\protected\models\Card.php(17): CDbCommand->queryColumn()
#1 D:\xampp\htdocs\test\services\HelloWorld.php(9): Card->getCardBIN()
#2 unknown(0): HelloWorld->sayHello()
#3 unknown(0): ReflectionMethod->invokeArgs()
#4 D:\xampp\htdocs\ZendFramework\library\Zend\Server\Reflection\Function\Abstract.php(380): call_user_func_array()
#5 D:\xampp\htdocs\ZendFramework\library\Zend\Amf\Server.php(359): Zend_Server_Reflection_Method->__call()
#6 D:\xampp\htdocs\ZendFramework\library\Zend\Amf\Server.php(359): Zend_Server_Reflection_Method->invokeArgs()
#7 D:\xampp\htdocs\ZendFramework\library\Zend\Amf\Server.php(554): Zend_Amf_Server->_dispatch()
#8 D:\xampp\htdocs\ZendFramework\library\Zend\Amf\Server.php(630): Zend_Amf_Server->_handle()
#9 D:\xampp\htdocs\test\public\gateway.php(68): Zend_Amf_Server->handle()
REQUEST_URI=/test/public/gateway.php
in D:\xampp\htdocs\test\protected\models\Card.php (17)
in D:\xampp\htdocs\test\services\HelloWorld.php (9)
in D:\xampp\htdocs\ZendFramework\library\Zend\Server\Reflection\Function\Abstract.php (380)
2011/06/09 16:57:44 [error] [php] array_merge() [<a href='function.array-merge'>function.array-merge</a>]: Argument #2 is not an array (D:\xampp\htdocs\test\library\yii\framework\db\CDbCommand.php:451)
Stack trace:
#0 D:\xampp\htdocs\test\protected\models\Card.php(17): CDbCommand->queryColumn()
#1 D:\xampp\htdocs\test\services\HelloWorld.php(9): Card->getCardBIN()
#2 unknown(0): HelloWorld->sayHello()
#3 unknown(0): ReflectionMethod->invokeArgs()
#4 D:\xampp\htdocs\ZendFramework\library\Zend\Server\Reflection\Function\Abstract.php(380): call_user_func_array()
#5 D:\xampp\htdocs\ZendFramework\library\Zend\Amf\Server.php(359): Zend_Server_Reflection_Method->__call()
#6 D:\xampp\htdocs\ZendFramework\library\Zend\Amf\Server.php(359): Zend_Server_Reflection_Method->invokeArgs()
#7 D:\xampp\htdocs\ZendFramework\library\Zend\Amf\Server.php(554): Zend_Amf_Server->_dispatch()
#8 D:\xampp\htdocs\ZendFramework\library\Zend\Amf\Server.php(630): Zend_Amf_Server->_handle()
#9 D:\xampp\htdocs\test\public\gateway.php(68): Zend_Amf_Server->handle()
REQUEST_URI=/test/public/gateway.php
in D:\xampp\htdocs\test\protected\models\Card.php (17)
in D:\xampp\htdocs\test\services\HelloWorld.php (9)
in D:\xampp\htdocs\ZendFramework\library\Zend\Server\Reflection\Function\Abstract.php (380)
2011/06/09 17:25:39 [error] [php] Undefined index: codevalue (D:\xampp\htdocs\test\services\HelloWorld.php:11)
Stack trace:
#0 D:\xampp\htdocs\ZendFramework\library\Zend\Server\Reflection\Function\Abstract.php(380): call_user_func_array()
#1 D:\xampp\htdocs\ZendFramework\library\Zend\Amf\Server.php(359): Zend_Server_Reflection_Method->__call()
#2 D:\xampp\htdocs\ZendFramework\library\Zend\Amf\Server.php(359): Zend_Server_Reflection_Method->invokeArgs()
#3 D:\xampp\htdocs\ZendFramework\library\Zend\Amf\Server.php(554): Zend_Amf_Server->_dispatch()
#4 D:\xampp\htdocs\ZendFramework\library\Zend\Amf\Server.php(630): Zend_Amf_Server->_handle()
#5 D:\xampp\htdocs\test\public\gateway.php(68): Zend_Amf_Server->handle()
REQUEST_URI=/test/public/gateway.php
in D:\xampp\htdocs\test\services\HelloWorld.php (11)
in D:\xampp\htdocs\ZendFramework\library\Zend\Server\Reflection\Function\Abstract.php (380)
in D:\xampp\htdocs\ZendFramework\library\Zend\Amf\Server.php (359)
2011/06/09 17:25:47 [error] [php] Undefined index: codevalue (D:\xampp\htdocs\test\services\HelloWorld.php:11)
Stack trace:
#0 D:\xampp\htdocs\ZendFramework\library\Zend\Server\Reflection\Function\Abstract.php(380): call_user_func_array()
#1 D:\xampp\htdocs\ZendFramework\library\Zend\Amf\Server.php(359): Zend_Server_Reflection_Method->__call()
#2 D:\xampp\htdocs\ZendFramework\library\Zend\Amf\Server.php(359): Zend_Server_Reflection_Method->invokeArgs()
#3 D:\xampp\htdocs\ZendFramework\library\Zend\Amf\Server.php(554): Zend_Amf_Server->_dispatch()
#4 D:\xampp\htdocs\ZendFramework\library\Zend\Amf\Server.php(630): Zend_Amf_Server->_handle()
#5 D:\xampp\htdocs\test\public\gateway.php(68): Zend_Amf_Server->handle()
REQUEST_URI=/test/public/gateway.php
in D:\xampp\htdocs\test\services\HelloWorld.php (11)
in D:\xampp\htdocs\ZendFramework\library\Zend\Server\Reflection\Function\Abstract.php (380)
in D:\xampp\htdocs\ZendFramework\library\Zend\Amf\Server.php (359)
2011/06/09 17:26:19 [error] [php] Undefined index: codevalue (D:\xampp\htdocs\test\services\HelloWorld.php:11)
Stack trace:
#0 D:\xampp\htdocs\ZendFramework\library\Zend\Server\Reflection\Function\Abstract.php(380): call_user_func_array()
#1 D:\xampp\htdocs\ZendFramework\library\Zend\Amf\Server.php(359): Zend_Server_Reflection_Method->__call()
#2 D:\xampp\htdocs\ZendFramework\library\Zend\Amf\Server.php(359): Zend_Server_Reflection_Method->invokeArgs()
#3 D:\xampp\htdocs\ZendFramework\library\Zend\Amf\Server.php(554): Zend_Amf_Server->_dispatch()
#4 D:\xampp\htdocs\ZendFramework\library\Zend\Amf\Server.php(630): Zend_Amf_Server->_handle()
#5 D:\xampp\htdocs\test\public\gateway.php(68): Zend_Amf_Server->handle()
REQUEST_URI=/test/public/gateway.php
in D:\xampp\htdocs\test\services\HelloWorld.php (11)
in D:\xampp\htdocs\ZendFramework\library\Zend\Server\Reflection\Function\Abstract.php (380)
in D:\xampp\htdocs\ZendFramework\library\Zend\Amf\Server.php (359)
2011/06/09 17:27:10 [error] [php] Undefined index: codevalue (D:\xampp\htdocs\test\services\HelloWorld.php:11)
Stack trace:
#0 D:\xampp\htdocs\ZendFramework\library\Zend\Server\Reflection\Function\Abstract.php(380): call_user_func_array()
#1 D:\xampp\htdocs\ZendFramework\library\Zend\Amf\Server.php(359): Zend_Server_Reflection_Method->__call()
#2 D:\xampp\htdocs\ZendFramework\library\Zend\Amf\Server.php(359): Zend_Server_Reflection_Method->invokeArgs()
#3 D:\xampp\htdocs\ZendFramework\library\Zend\Amf\Server.php(554): Zend_Amf_Server->_dispatch()
#4 D:\xampp\htdocs\ZendFramework\library\Zend\Amf\Server.php(630): Zend_Amf_Server->_handle()
#5 D:\xampp\htdocs\test\public\gateway.php(68): Zend_Amf_Server->handle()
REQUEST_URI=/test/public/gateway.php
in D:\xampp\htdocs\test\services\HelloWorld.php (11)
in D:\xampp\htdocs\ZendFramework\library\Zend\Server\Reflection\Function\Abstract.php (380)
in D:\xampp\htdocs\ZendFramework\library\Zend\Amf\Server.php (359)
2011/06/13 19:24:36 [error] [php] PDO::__construct() [<a href='pdo.--construct'>pdo.--construct</a>]: MySQL server has gone away (D:\xampp\htdocs\test\library\yii\framework\db\CDbConnection.php:389)
Stack trace:
#0 D:\xampp\htdocs\test\library\yii\framework\db\CDbConnection.php(297): CDbConnection->open()
#1 D:\xampp\htdocs\test\library\yii\framework\db\CDbConnection.php(275): CDbConnection->setActive()
#2 D:\xampp\htdocs\test\library\yii\framework\base\CModule.php(372): CDbConnection->init()
#3 D:\xampp\htdocs\test\library\yii\framework\base\CModule.php(86): CWebApplication->getComponent()
#4 D:\xampp\htdocs\test\protected\models\CardModel.php(9): CWebApplication->__get()
#5 D:\xampp\htdocs\test\services\CardService.php(8): CardModel->__construct()
#6 unknown(0): CardService->popComboBox()
#7 unknown(0): ReflectionMethod->invokeArgs()
#8 D:\xampp\htdocs\ZendFramework\library\Zend\Server\Reflection\Function\Abstract.php(380): call_user_func_array()
#9 D:\xampp\htdocs\ZendFramework\library\Zend\Amf\Server.php(359): Zend_Server_Reflection_Method->__call()
#10 D:\xampp\htdocs\ZendFramework\library\Zend\Amf\Server.php(359): Zend_Server_Reflection_Method->invokeArgs()
#11 D:\xampp\htdocs\ZendFramework\library\Zend\Amf\Server.php(554): Zend_Amf_Server->_dispatch()
#12 D:\xampp\htdocs\ZendFramework\library\Zend\Amf\Server.php(630): Zend_Amf_Server->_handle()
#13 D:\xampp\htdocs\test\public\gateway.php(68): Zend_Amf_Server->handle()
REQUEST_URI=/test/public/gateway.php
in D:\xampp\htdocs\test\protected\models\CardModel.php (9)
in D:\xampp\htdocs\test\services\CardService.php (8)
in D:\xampp\htdocs\ZendFramework\library\Zend\Server\Reflection\Function\Abstract.php (380)
2011/06/13 19:24:36 [error] [php] PDO::__construct() [<a href='pdo.--construct'>pdo.--construct</a>]: MySQL server has gone away (D:\xampp\htdocs\test\library\yii\framework\db\CDbConnection.php:389)
Stack trace:
#0 D:\xampp\htdocs\test\library\yii\framework\db\CDbConnection.php(297): CDbConnection->open()
#1 D:\xampp\htdocs\test\library\yii\framework\db\CDbConnection.php(275): CDbConnection->setActive()
#2 D:\xampp\htdocs\test\library\yii\framework\base\CModule.php(372): CDbConnection->init()
#3 D:\xampp\htdocs\test\library\yii\framework\base\CModule.php(86): CWebApplication->getComponent()
#4 D:\xampp\htdocs\test\protected\models\CardModel.php(9): CWebApplication->__get()
#5 D:\xampp\htdocs\test\services\CardService.php(8): CardModel->__construct()
#6 unknown(0): CardService->popComboBox()
#7 unknown(0): ReflectionMethod->invokeArgs()
#8 D:\xampp\htdocs\ZendFramework\library\Zend\Server\Reflection\Function\Abstract.php(380): call_user_func_array()
#9 D:\xampp\htdocs\ZendFramework\library\Zend\Amf\Server.php(359): Zend_Server_Reflection_Method->__call()
#10 D:\xampp\htdocs\ZendFramework\library\Zend\Amf\Server.php(359): Zend_Server_Reflection_Method->invokeArgs()
#11 D:\xampp\htdocs\ZendFramework\library\Zend\Amf\Server.php(554): Zend_Amf_Server->_dispatch()
#12 D:\xampp\htdocs\ZendFramework\library\Zend\Amf\Server.php(630): Zend_Amf_Server->_handle()
#13 D:\xampp\htdocs\test\public\gateway.php(68): Zend_Amf_Server->handle()
REQUEST_URI=/test/public/gateway.php
in D:\xampp\htdocs\test\protected\models\CardModel.php (9)
in D:\xampp\htdocs\test\services\CardService.php (8)
in D:\xampp\htdocs\ZendFramework\library\Zend\Server\Reflection\Function\Abstract.php (380)
2011/06/13 19:27:14 [error] [php] PDO::__construct() [<a href='pdo.--construct'>pdo.--construct</a>]: MySQL server has gone away (D:\xampp\htdocs\test\library\yii\framework\db\CDbConnection.php:389)
Stack trace:
#0 D:\xampp\htdocs\test\library\yii\framework\db\CDbConnection.php(297): CDbConnection->open()
#1 D:\xampp\htdocs\test\library\yii\framework\db\CDbConnection.php(275): CDbConnection->setActive()
#2 D:\xampp\htdocs\test\library\yii\framework\base\CModule.php(372): CDbConnection->init()
#3 D:\xampp\htdocs\test\library\yii\framework\base\CModule.php(86): CWebApplication->getComponent()
#4 D:\xampp\htdocs\test\protected\models\CardModel.php(9): CWebApplication->__get()
#5 D:\xampp\htdocs\test\services\CardService.php(8): CardModel->__construct()
#6 unknown(0): CardService->popComboBox()
#7 unknown(0): ReflectionMethod->invokeArgs()
#8 D:\xampp\htdocs\ZendFramework\library\Zend\Server\Reflection\Function\Abstract.php(380): call_user_func_array()
#9 D:\xampp\htdocs\ZendFramework\library\Zend\Amf\Server.php(359): Zend_Server_Reflection_Method->__call()
#10 D:\xampp\htdocs\ZendFramework\library\Zend\Amf\Server.php(359): Zend_Server_Reflection_Method->invokeArgs()
#11 D:\xampp\htdocs\ZendFramework\library\Zend\Amf\Server.php(554): Zend_Amf_Server->_dispatch()
#12 D:\xampp\htdocs\ZendFramework\library\Zend\Amf\Server.php(630): Zend_Amf_Server->_handle()
#13 D:\xampp\htdocs\test\public\gateway.php(68): Zend_Amf_Server->handle()
REQUEST_URI=/test/public/gateway.php
in D:\xampp\htdocs\test\protected\models\CardModel.php (9)
in D:\xampp\htdocs\test\services\CardService.php (8)
in D:\xampp\htdocs\ZendFramework\library\Zend\Server\Reflection\Function\Abstract.php (380)
2011/06/13 19:27:14 [error] [php] PDO::__construct() [<a href='pdo.--construct'>pdo.--construct</a>]: MySQL server has gone away (D:\xampp\htdocs\test\library\yii\framework\db\CDbConnection.php:389)
Stack trace:
#0 D:\xampp\htdocs\test\library\yii\framework\db\CDbConnection.php(297): CDbConnection->open()
#1 D:\xampp\htdocs\test\library\yii\framework\db\CDbConnection.php(275): CDbConnection->setActive()
#2 D:\xampp\htdocs\test\library\yii\framework\base\CModule.php(372): CDbConnection->init()
#3 D:\xampp\htdocs\test\library\yii\framework\base\CModule.php(86): CWebApplication->getComponent()
#4 D:\xampp\htdocs\test\protected\models\CardModel.php(9): CWebApplication->__get()
#5 D:\xampp\htdocs\test\services\CardService.php(8): CardModel->__construct()
#6 unknown(0): CardService->popComboBox()
#7 unknown(0): ReflectionMethod->invokeArgs()
#8 D:\xampp\htdocs\ZendFramework\library\Zend\Server\Reflection\Function\Abstract.php(380): call_user_func_array()
#9 D:\xampp\htdocs\ZendFramework\library\Zend\Amf\Server.php(359): Zend_Server_Reflection_Method->__call()
#10 D:\xampp\htdocs\ZendFramework\library\Zend\Amf\Server.php(359): Zend_Server_Reflection_Method->invokeArgs()
#11 D:\xampp\htdocs\ZendFramework\library\Zend\Amf\Server.php(554): Zend_Amf_Server->_dispatch()
#12 D:\xampp\htdocs\ZendFramework\library\Zend\Amf\Server.php(630): Zend_Amf_Server->_handle()
#13 D:\xampp\htdocs\test\public\gateway.php(68): Zend_Amf_Server->handle()
REQUEST_URI=/test/public/gateway.php
in D:\xampp\htdocs\test\protected\models\CardModel.php (9)
in D:\xampp\htdocs\test\services\CardService.php (8)
in D:\xampp\htdocs\ZendFramework\library\Zend\Server\Reflection\Function\Abstract.php (380)
2011/06/13 19:29:28 [error] [php] PDO::__construct() [<a href='pdo.--construct'>pdo.--construct</a>]: MySQL server has gone away (D:\xampp\htdocs\test\library\yii\framework\db\CDbConnection.php:389)
Stack trace:
#0 D:\xampp\htdocs\test\library\yii\framework\db\CDbConnection.php(297): CDbConnection->open()
#1 D:\xampp\htdocs\test\library\yii\framework\db\CDbConnection.php(275): CDbConnection->setActive()
#2 D:\xampp\htdocs\test\library\yii\framework\base\CModule.php(372): CDbConnection->init()
#3 D:\xampp\htdocs\test\library\yii\framework\base\CModule.php(86): CWebApplication->getComponent()
#4 D:\xampp\htdocs\test\protected\models\CardModel.php(9): CWebApplication->__get()
#5 D:\xampp\htdocs\test\services\CardService.php(8): CardModel->__construct()
#6 unknown(0): CardService->popComboBox()
#7 unknown(0): ReflectionMethod->invokeArgs()
#8 D:\xampp\htdocs\ZendFramework\library\Zend\Server\Reflection\Function\Abstract.php(380): call_user_func_array()
#9 D:\xampp\htdocs\ZendFramework\library\Zend\Amf\Server.php(359): Zend_Server_Reflection_Method->__call()
#10 D:\xampp\htdocs\ZendFramework\library\Zend\Amf\Server.php(359): Zend_Server_Reflection_Method->invokeArgs()
#11 D:\xampp\htdocs\ZendFramework\library\Zend\Amf\Server.php(554): Zend_Amf_Server->_dispatch()
#12 D:\xampp\htdocs\ZendFramework\library\Zend\Amf\Server.php(630): Zend_Amf_Server->_handle()
#13 D:\xampp\htdocs\test\public\gateway.php(68): Zend_Amf_Server->handle()
REQUEST_URI=/test/public/gateway.php
in D:\xampp\htdocs\test\protected\models\CardModel.php (9)
in D:\xampp\htdocs\test\services\CardService.php (8)
in D:\xampp\htdocs\ZendFramework\library\Zend\Server\Reflection\Function\Abstract.php (380)
2011/06/13 19:34:53 [error] [php] PDO::__construct() [<a href='pdo.--construct'>pdo.--construct</a>]: MySQL server has gone away (D:\xampp\htdocs\test\library\yii\framework\db\CDbConnection.php:389)
Stack trace:
#0 D:\xampp\htdocs\test\library\yii\framework\db\CDbConnection.php(297): CDbConnection->open()
#1 D:\xampp\htdocs\test\library\yii\framework\db\CDbConnection.php(275): CDbConnection->setActive()
#2 D:\xampp\htdocs\test\library\yii\framework\base\CModule.php(372): CDbConnection->init()
#3 D:\xampp\htdocs\test\library\yii\framework\base\CModule.php(86): CWebApplication->getComponent()
#4 D:\xampp\htdocs\test\protected\models\CardModel.php(9): CWebApplication->__get()
#5 D:\xampp\htdocs\test\services\CardService.php(8): CardModel->__construct()
#6 unknown(0): CardService->popComboBox()
#7 unknown(0): ReflectionMethod->invokeArgs()
#8 D:\xampp\htdocs\ZendFramework\library\Zend\Server\Reflection\Function\Abstract.php(380): call_user_func_array()
#9 D:\xampp\htdocs\ZendFramework\library\Zend\Amf\Server.php(359): Zend_Server_Reflection_Method->__call()
#10 D:\xampp\htdocs\ZendFramework\library\Zend\Amf\Server.php(359): Zend_Server_Reflection_Method->invokeArgs()
#11 D:\xampp\htdocs\ZendFramework\library\Zend\Amf\Server.php(554): Zend_Amf_Server->_dispatch()
#12 D:\xampp\htdocs\ZendFramework\library\Zend\Amf\Server.php(630): Zend_Amf_Server->_handle()
#13 D:\xampp\htdocs\test\public\gateway.php(68): Zend_Amf_Server->handle()
REQUEST_URI=/test/public/gateway.php
in D:\xampp\htdocs\test\protected\models\CardModel.php (9)
in D:\xampp\htdocs\test\services\CardService.php (8)
in D:\xampp\htdocs\ZendFramework\library\Zend\Server\Reflection\Function\Abstract.php (380)
2011/06/13 19:48:58 [error] [php] PDO::__construct() [<a href='pdo.--construct'>pdo.--construct</a>]: MySQL server has gone away (D:\xampp\htdocs\test\library\yii\framework\db\CDbConnection.php:389)
Stack trace:
#0 D:\xampp\htdocs\test\library\yii\framework\db\CDbConnection.php(297): CDbConnection->open()
#1 D:\xampp\htdocs\test\library\yii\framework\db\CDbConnection.php(275): CDbConnection->setActive()
#2 D:\xampp\htdocs\test\library\yii\framework\base\CModule.php(372): CDbConnection->init()
#3 D:\xampp\htdocs\test\library\yii\framework\base\CModule.php(86): CWebApplication->getComponent()
#4 D:\xampp\htdocs\test\protected\models\CardModel.php(9): CWebApplication->__get()
#5 D:\xampp\htdocs\test\services\CardService.php(8): CardModel->__construct()
#6 unknown(0): CardService->popComboBox()
#7 unknown(0): ReflectionMethod->invokeArgs()
#8 D:\xampp\htdocs\ZendFramework\library\Zend\Server\Reflection\Function\Abstract.php(380): call_user_func_array()
#9 D:\xampp\htdocs\ZendFramework\library\Zend\Amf\Server.php(359): Zend_Server_Reflection_Method->__call()
#10 D:\xampp\htdocs\ZendFramework\library\Zend\Amf\Server.php(359): Zend_Server_Reflection_Method->invokeArgs()
#11 D:\xampp\htdocs\ZendFramework\library\Zend\Amf\Server.php(554): Zend_Amf_Server->_dispatch()
#12 D:\xampp\htdocs\ZendFramework\library\Zend\Amf\Server.php(630): Zend_Amf_Server->_handle()
#13 D:\xampp\htdocs\test\public\gateway.php(68): Zend_Amf_Server->handle()
REQUEST_URI=/test/public/gateway.php
in D:\xampp\htdocs\test\protected\models\CardModel.php (9)
in D:\xampp\htdocs\test\services\CardService.php (8)
in D:\xampp\htdocs\ZendFramework\library\Zend\Server\Reflection\Function\Abstract.php (380)
2011/06/13 19:48:58 [error] [php] PDO::__construct() [<a href='pdo.--construct'>pdo.--construct</a>]: MySQL server has gone away (D:\xampp\htdocs\test\library\yii\framework\db\CDbConnection.php:389)
Stack trace:
#0 D:\xampp\htdocs\test\library\yii\framework\db\CDbConnection.php(297): CDbConnection->open()
#1 D:\xampp\htdocs\test\library\yii\framework\db\CDbConnection.php(275): CDbConnection->setActive()
#2 D:\xampp\htdocs\test\library\yii\framework\base\CModule.php(372): CDbConnection->init()
#3 D:\xampp\htdocs\test\library\yii\framework\base\CModule.php(86): CWebApplication->getComponent()
#4 D:\xampp\htdocs\test\protected\models\CardModel.php(9): CWebApplication->__get()
#5 D:\xampp\htdocs\test\services\CardService.php(8): CardModel->__construct()
#6 unknown(0): CardService->popComboBox()
#7 unknown(0): ReflectionMethod->invokeArgs()
#8 D:\xampp\htdocs\ZendFramework\library\Zend\Server\Reflection\Function\Abstract.php(380): call_user_func_array()
#9 D:\xampp\htdocs\ZendFramework\library\Zend\Amf\Server.php(359): Zend_Server_Reflection_Method->__call()
#10 D:\xampp\htdocs\ZendFramework\library\Zend\Amf\Server.php(359): Zend_Server_Reflection_Method->invokeArgs()
#11 D:\xampp\htdocs\ZendFramework\library\Zend\Amf\Server.php(554): Zend_Amf_Server->_dispatch()
#12 D:\xampp\htdocs\ZendFramework\library\Zend\Amf\Server.php(630): Zend_Amf_Server->_handle()
#13 D:\xampp\htdocs\test\public\gateway.php(68): Zend_Amf_Server->handle()
REQUEST_URI=/test/public/gateway.php
in D:\xampp\htdocs\test\protected\models\CardModel.php (9)
in D:\xampp\htdocs\test\services\CardService.php (8)
in D:\xampp\htdocs\ZendFramework\library\Zend\Server\Reflection\Function\Abstract.php (380)
2011/06/13 20:31:04 [error] [php] PDO::__construct() [<a href='pdo.--construct'>pdo.--construct</a>]: MySQL server has gone away (D:\xampp\htdocs\test\library\yii\framework\db\CDbConnection.php:389)
Stack trace:
#0 D:\xampp\htdocs\test\library\yii\framework\db\CDbConnection.php(297): CDbConnection->open()
#1 D:\xampp\htdocs\test\library\yii\framework\db\CDbConnection.php(275): CDbConnection->setActive()
#2 D:\xampp\htdocs\test\library\yii\framework\base\CModule.php(372): CDbConnection->init()
#3 D:\xampp\htdocs\test\library\yii\framework\base\CModule.php(86): CWebApplication->getComponent()
#4 D:\xampp\htdocs\test\protected\models\CardModel.php(9): CWebApplication->__get()
#5 D:\xampp\htdocs\test\services\CardService.php(8): CardModel->__construct()
#6 unknown(0): CardService->popComboBox()
#7 unknown(0): ReflectionMethod->invokeArgs()
#8 D:\xampp\htdocs\ZendFramework\library\Zend\Server\Reflection\Function\Abstract.php(380): call_user_func_array()
#9 D:\xampp\htdocs\ZendFramework\library\Zend\Amf\Server.php(359): Zend_Server_Reflection_Method->__call()
#10 D:\xampp\htdocs\ZendFramework\library\Zend\Amf\Server.php(359): Zend_Server_Reflection_Method->invokeArgs()
#11 D:\xampp\htdocs\ZendFramework\library\Zend\Amf\Server.php(554): Zend_Amf_Server->_dispatch()
#12 D:\xampp\htdocs\ZendFramework\library\Zend\Amf\Server.php(630): Zend_Amf_Server->_handle()
#13 D:\xampp\htdocs\test\public\gateway.php(68): Zend_Amf_Server->handle()
REQUEST_URI=/test/public/gateway.php
in D:\xampp\htdocs\test\protected\models\CardModel.php (9)
in D:\xampp\htdocs\test\services\CardService.php (8)
in D:\xampp\htdocs\ZendFramework\library\Zend\Server\Reflection\Function\Abstract.php (380)
2011/06/13 20:31:04 [error] [php] PDO::__construct() [<a href='pdo.--construct'>pdo.--construct</a>]: MySQL server has gone away (D:\xampp\htdocs\test\library\yii\framework\db\CDbConnection.php:389)
Stack trace:
#0 D:\xampp\htdocs\test\library\yii\framework\db\CDbConnection.php(297): CDbConnection->open()
#1 D:\xampp\htdocs\test\library\yii\framework\db\CDbConnection.php(275): CDbConnection->setActive()
#2 D:\xampp\htdocs\test\library\yii\framework\base\CModule.php(372): CDbConnection->init()
#3 D:\xampp\htdocs\test\library\yii\framework\base\CModule.php(86): CWebApplication->getComponent()
#4 D:\xampp\htdocs\test\protected\models\CardModel.php(9): CWebApplication->__get()
#5 D:\xampp\htdocs\test\services\CardService.php(8): CardModel->__construct()
#6 unknown(0): CardService->popComboBox()
#7 unknown(0): ReflectionMethod->invokeArgs()
#8 D:\xampp\htdocs\ZendFramework\library\Zend\Server\Reflection\Function\Abstract.php(380): call_user_func_array()
#9 D:\xampp\htdocs\ZendFramework\library\Zend\Amf\Server.php(359): Zend_Server_Reflection_Method->__call()
#10 D:\xampp\htdocs\ZendFramework\library\Zend\Amf\Server.php(359): Zend_Server_Reflection_Method->invokeArgs()
#11 D:\xampp\htdocs\ZendFramework\library\Zend\Amf\Server.php(554): Zend_Amf_Server->_dispatch()
#12 D:\xampp\htdocs\ZendFramework\library\Zend\Amf\Server.php(630): Zend_Amf_Server->_handle()
#13 D:\xampp\htdocs\test\public\gateway.php(68): Zend_Amf_Server->handle()
REQUEST_URI=/test/public/gateway.php
in D:\xampp\htdocs\test\protected\models\CardModel.php (9)
in D:\xampp\htdocs\test\services\CardService.php (8)
in D:\xampp\htdocs\ZendFramework\library\Zend\Server\Reflection\Function\Abstract.php (380)
2011/06/13 20:31:37 [error] [php] PDO::__construct() [<a href='pdo.--construct'>pdo.--construct</a>]: MySQL server has gone away (D:\xampp\htdocs\test\library\yii\framework\db\CDbConnection.php:389)
Stack trace:
#0 D:\xampp\htdocs\test\library\yii\framework\db\CDbConnection.php(297): CDbConnection->open()
#1 D:\xampp\htdocs\test\library\yii\framework\db\CDbConnection.php(275): CDbConnection->setActive()
#2 D:\xampp\htdocs\test\library\yii\framework\base\CModule.php(372): CDbConnection->init()
#3 D:\xampp\htdocs\test\library\yii\framework\base\CModule.php(86): CWebApplication->getComponent()
#4 D:\xampp\htdocs\test\protected\models\CardModel.php(9): CWebApplication->__get()
#5 D:\xampp\htdocs\test\services\CardService.php(8): CardModel->__construct()
#6 unknown(0): CardService->popComboBox()
#7 unknown(0): ReflectionMethod->invokeArgs()
#8 D:\xampp\htdocs\ZendFramework\library\Zend\Server\Reflection\Function\Abstract.php(380): call_user_func_array()
#9 D:\xampp\htdocs\ZendFramework\library\Zend\Amf\Server.php(359): Zend_Server_Reflection_Method->__call()
#10 D:\xampp\htdocs\ZendFramework\library\Zend\Amf\Server.php(359): Zend_Server_Reflection_Method->invokeArgs()
#11 D:\xampp\htdocs\ZendFramework\library\Zend\Amf\Server.php(554): Zend_Amf_Server->_dispatch()
#12 D:\xampp\htdocs\ZendFramework\library\Zend\Amf\Server.php(630): Zend_Amf_Server->_handle()
#13 D:\xampp\htdocs\test\public\gateway.php(68): Zend_Amf_Server->handle()
REQUEST_URI=/test/public/gateway.php
in D:\xampp\htdocs\test\protected\models\CardModel.php (9)
in D:\xampp\htdocs\test\services\CardService.php (8)
in D:\xampp\htdocs\ZendFramework\library\Zend\Server\Reflection\Function\Abstract.php (380)
2011/06/13 20:33:17 [error] [php] PDO::__construct() [<a href='pdo.--construct'>pdo.--construct</a>]: MySQL server has gone away (D:\xampp\htdocs\test\library\yii\framework\db\CDbConnection.php:389)
Stack trace:
#0 D:\xampp\htdocs\test\library\yii\framework\db\CDbConnection.php(297): CDbConnection->open()
#1 D:\xampp\htdocs\test\library\yii\framework\db\CDbConnection.php(275): CDbConnection->setActive()
#2 D:\xampp\htdocs\test\library\yii\framework\base\CModule.php(372): CDbConnection->init()
#3 D:\xampp\htdocs\test\library\yii\framework\base\CModule.php(86): CWebApplication->getComponent()
#4 D:\xampp\htdocs\test\protected\models\CardModel.php(9): CWebApplication->__get()
#5 D:\xampp\htdocs\test\services\CardService.php(8): CardModel->__construct()
#6 unknown(0): CardService->popComboBox()
#7 unknown(0): ReflectionMethod->invokeArgs()
#8 D:\xampp\htdocs\ZendFramework\library\Zend\Server\Reflection\Function\Abstract.php(380): call_user_func_array()
#9 D:\xampp\htdocs\ZendFramework\library\Zend\Amf\Server.php(359): Zend_Server_Reflection_Method->__call()
#10 D:\xampp\htdocs\ZendFramework\library\Zend\Amf\Server.php(359): Zend_Server_Reflection_Method->invokeArgs()
#11 D:\xampp\htdocs\ZendFramework\library\Zend\Amf\Server.php(554): Zend_Amf_Server->_dispatch()
#12 D:\xampp\htdocs\ZendFramework\library\Zend\Amf\Server.php(630): Zend_Amf_Server->_handle()
#13 D:\xampp\htdocs\test\public\gateway.php(68): Zend_Amf_Server->handle()
REQUEST_URI=/test/public/gateway.php
in D:\xampp\htdocs\test\protected\models\CardModel.php (9)
in D:\xampp\htdocs\test\services\CardService.php (8)
in D:\xampp\htdocs\ZendFramework\library\Zend\Server\Reflection\Function\Abstract.php (380)
2011/06/14 19:35:02 [error] [php] include(UserModel.php) [<a href='function.include'>function.include</a>]: failed to open stream: No such file or directory (D:\xampp\htdocs\test\library\yii\framework\YiiBase.php:396)
Stack trace:
#0 D:\xampp\htdocs\test\services\LoginService.php(8): spl_autoload_call()
#1 unknown(0): LoginService->loginSubmit()
#2 unknown(0): ReflectionMethod->invokeArgs()
#3 D:\xampp\htdocs\ZendFramework\library\Zend\Server\Reflection\Function\Abstract.php(380): call_user_func_array()
#4 D:\xampp\htdocs\ZendFramework\library\Zend\Amf\Server.php(359): Zend_Server_Reflection_Method->__call()
#5 D:\xampp\htdocs\ZendFramework\library\Zend\Amf\Server.php(359): Zend_Server_Reflection_Method->invokeArgs()
#6 D:\xampp\htdocs\ZendFramework\library\Zend\Amf\Server.php(554): Zend_Amf_Server->_dispatch()
#7 D:\xampp\htdocs\ZendFramework\library\Zend\Amf\Server.php(630): Zend_Amf_Server->_handle()
#8 D:\xampp\htdocs\test\public\gateway.php(68): Zend_Amf_Server->handle()
REQUEST_URI=/test/public/gateway.php
in D:\xampp\htdocs\test\services\LoginService.php (8)
in D:\xampp\htdocs\ZendFramework\library\Zend\Server\Reflection\Function\Abstract.php (380)
in D:\xampp\htdocs\ZendFramework\library\Zend\Amf\Server.php (359)
2011/06/14 21:19:59 [error] [php] include(UserModel.php) [<a href='function.include'>function.include</a>]: failed to open stream: No such file or directory (D:\xampp\htdocs\test\library\yii\framework\YiiBase.php:396)
Stack trace:
#0 D:\xampp\htdocs\test\services\LoginService.php(8): spl_autoload_call()
#1 unknown(0): LoginService->loginSubmit()
#2 unknown(0): ReflectionMethod->invokeArgs()
#3 D:\xampp\htdocs\ZendFramework\library\Zend\Server\Reflection\Function\Abstract.php(380): call_user_func_array()
#4 D:\xampp\htdocs\ZendFramework\library\Zend\Amf\Server.php(359): Zend_Server_Reflection_Method->__call()
#5 D:\xampp\htdocs\ZendFramework\library\Zend\Amf\Server.php(359): Zend_Server_Reflection_Method->invokeArgs()
#6 D:\xampp\htdocs\ZendFramework\library\Zend\Amf\Server.php(554): Zend_Amf_Server->_dispatch()
#7 D:\xampp\htdocs\ZendFramework\library\Zend\Amf\Server.php(630): Zend_Amf_Server->_handle()
#8 D:\xampp\htdocs\test\public\gateway.php(68): Zend_Amf_Server->handle()
REQUEST_URI=/test/public/gateway.php
in D:\xampp\htdocs\test\services\LoginService.php (8)
in D:\xampp\htdocs\ZendFramework\library\Zend\Server\Reflection\Function\Abstract.php (380)
in D:\xampp\htdocs\ZendFramework\library\Zend\Amf\Server.php (359)
2011/06/14 21:20:01 [error] [php] include(UserModel.php) [<a href='function.include'>function.include</a>]: failed to open stream: No such file or directory (D:\xampp\htdocs\test\library\yii\framework\YiiBase.php:396)
Stack trace:
#0 D:\xampp\htdocs\test\services\LoginService.php(8): spl_autoload_call()
#1 unknown(0): LoginService->loginSubmit()
#2 unknown(0): ReflectionMethod->invokeArgs()
#3 D:\xampp\htdocs\ZendFramework\library\Zend\Server\Reflection\Function\Abstract.php(380): call_user_func_array()
#4 D:\xampp\htdocs\ZendFramework\library\Zend\Amf\Server.php(359): Zend_Server_Reflection_Method->__call()
#5 D:\xampp\htdocs\ZendFramework\library\Zend\Amf\Server.php(359): Zend_Server_Reflection_Method->invokeArgs()
#6 D:\xampp\htdocs\ZendFramework\library\Zend\Amf\Server.php(554): Zend_Amf_Server->_dispatch()
#7 D:\xampp\htdocs\ZendFramework\library\Zend\Amf\Server.php(630): Zend_Amf_Server->_handle()
#8 D:\xampp\htdocs\test\public\gateway.php(68): Zend_Amf_Server->handle()
REQUEST_URI=/test/public/gateway.php
in D:\xampp\htdocs\test\services\LoginService.php (8)
in D:\xampp\htdocs\ZendFramework\library\Zend\Server\Reflection\Function\Abstract.php (380)
in D:\xampp\htdocs\ZendFramework\library\Zend\Amf\Server.php (359)
2011/06/14 21:20:54 [error] [php] include(UserModel.php) [<a href='function.include'>function.include</a>]: failed to open stream: No such file or directory (D:\xampp\htdocs\test\library\yii\framework\YiiBase.php:396)
Stack trace:
#0 D:\xampp\htdocs\test\services\LoginService.php(8): spl_autoload_call()
#1 unknown(0): LoginService->loginSubmit()
#2 unknown(0): ReflectionMethod->invokeArgs()
#3 D:\xampp\htdocs\ZendFramework\library\Zend\Server\Reflection\Function\Abstract.php(380): call_user_func_array()
#4 D:\xampp\htdocs\ZendFramework\library\Zend\Amf\Server.php(359): Zend_Server_Reflection_Method->__call()
#5 D:\xampp\htdocs\ZendFramework\library\Zend\Amf\Server.php(359): Zend_Server_Reflection_Method->invokeArgs()
#6 D:\xampp\htdocs\ZendFramework\library\Zend\Amf\Server.php(554): Zend_Amf_Server->_dispatch()
#7 D:\xampp\htdocs\ZendFramework\library\Zend\Amf\Server.php(630): Zend_Amf_Server->_handle()
#8 D:\xampp\htdocs\test\public\gateway.php(68): Zend_Amf_Server->handle()
REQUEST_URI=/test/public/gateway.php
in D:\xampp\htdocs\test\services\LoginService.php (8)
in D:\xampp\htdocs\ZendFramework\library\Zend\Server\Reflection\Function\Abstract.php (380)
in D:\xampp\htdocs\ZendFramework\library\Zend\Amf\Server.php (359)
2011/06/14 21:22:55 [error] [php] include(UserModel.php) [<a href='function.include'>function.include</a>]: failed to open stream: No such file or directory (D:\xampp\htdocs\test\library\yii\framework\YiiBase.php:396)
Stack trace:
#0 D:\xampp\htdocs\test\services\LoginService.php(8): spl_autoload_call()
#1 unknown(0): LoginService->loginSubmit()
#2 unknown(0): ReflectionMethod->invokeArgs()
#3 D:\xampp\htdocs\ZendFramework\library\Zend\Server\Reflection\Function\Abstract.php(380): call_user_func_array()
#4 D:\xampp\htdocs\ZendFramework\library\Zend\Amf\Server.php(359): Zend_Server_Reflection_Method->__call()
#5 D:\xampp\htdocs\ZendFramework\library\Zend\Amf\Server.php(359): Zend_Server_Reflection_Method->invokeArgs()
#6 D:\xampp\htdocs\ZendFramework\library\Zend\Amf\Server.php(554): Zend_Amf_Server->_dispatch()
#7 D:\xampp\htdocs\ZendFramework\library\Zend\Amf\Server.php(630): Zend_Amf_Server->_handle()
#8 D:\xampp\htdocs\test\public\gateway.php(68): Zend_Amf_Server->handle()
REQUEST_URI=/test/public/gateway.php
in D:\xampp\htdocs\test\services\LoginService.php (8)
in D:\xampp\htdocs\ZendFramework\library\Zend\Server\Reflection\Function\Abstract.php (380)
in D:\xampp\htdocs\ZendFramework\library\Zend\Amf\Server.php (359)
2011/06/15 11:33:10 [error] [php] Undefined index: userID (D:\xampp\htdocs\test\services\LoginService.php:9)
Stack trace:
#0 D:\xampp\htdocs\ZendFramework\library\Zend\Server\Reflection\Function\Abstract.php(380): call_user_func_array()
#1 D:\xampp\htdocs\ZendFramework\library\Zend\Amf\Server.php(359): Zend_Server_Reflection_Method->__call()
#2 D:\xampp\htdocs\ZendFramework\library\Zend\Amf\Server.php(359): Zend_Server_Reflection_Method->invokeArgs()
#3 D:\xampp\htdocs\ZendFramework\library\Zend\Amf\Server.php(554): Zend_Amf_Server->_dispatch()
#4 D:\xampp\htdocs\ZendFramework\library\Zend\Amf\Server.php(630): Zend_Amf_Server->_handle()
#5 D:\xampp\htdocs\test\public\gateway.php(68): Zend_Amf_Server->handle()
REQUEST_URI=/test/public/gateway.php
in D:\xampp\htdocs\test\services\LoginService.php (9)
in D:\xampp\htdocs\ZendFramework\library\Zend\Server\Reflection\Function\Abstract.php (380)
in D:\xampp\htdocs\ZendFramework\library\Zend\Amf\Server.php (359)
2011/06/15 11:33:57 [error] [php] Undefined index: userID (D:\xampp\htdocs\test\services\LoginService.php:9)
Stack trace:
#0 D:\xampp\htdocs\ZendFramework\library\Zend\Server\Reflection\Function\Abstract.php(380): call_user_func_array()
#1 D:\xampp\htdocs\ZendFramework\library\Zend\Amf\Server.php(359): Zend_Server_Reflection_Method->__call()
#2 D:\xampp\htdocs\ZendFramework\library\Zend\Amf\Server.php(359): Zend_Server_Reflection_Method->invokeArgs()
#3 D:\xampp\htdocs\ZendFramework\library\Zend\Amf\Server.php(554): Zend_Amf_Server->_dispatch()
#4 D:\xampp\htdocs\ZendFramework\library\Zend\Amf\Server.php(630): Zend_Amf_Server->_handle()
#5 D:\xampp\htdocs\test\public\gateway.php(68): Zend_Amf_Server->handle()
REQUEST_URI=/test/public/gateway.php
in D:\xampp\htdocs\test\services\LoginService.php (9)
in D:\xampp\htdocs\ZendFramework\library\Zend\Server\Reflection\Function\Abstract.php (380)
in D:\xampp\htdocs\ZendFramework\library\Zend\Amf\Server.php (359)
2011/06/24 18:07:58 [error] [php] Missing argument 2 for UserService::login() (D:\xampp\htdocs\test\services\UserService.php:6)
Stack trace:
#0 D:\xampp\htdocs\ZendFramework\library\Zend\Server\Reflection\Function\Abstract.php(380): call_user_func_array()
#1 D:\xampp\htdocs\ZendFramework\library\Zend\Amf\Server.php(359): Zend_Server_Reflection_Method->__call()
#2 D:\xampp\htdocs\ZendFramework\library\Zend\Amf\Server.php(359): Zend_Server_Reflection_Method->invokeArgs()
#3 D:\xampp\htdocs\ZendFramework\library\Zend\Amf\Server.php(554): Zend_Amf_Server->_dispatch()
#4 D:\xampp\htdocs\ZendFramework\library\Zend\Amf\Server.php(630): Zend_Amf_Server->_handle()
#5 D:\xampp\htdocs\test\public\gateway.php(68): Zend_Amf_Server->handle()
REQUEST_URI=/test/public/gateway.php
in D:\xampp\htdocs\test\services\UserService.php (6)
in D:\xampp\htdocs\ZendFramework\library\Zend\Server\Reflection\Function\Abstract.php (380)
in D:\xampp\htdocs\ZendFramework\library\Zend\Amf\Server.php (359)
